2026-03-05 13:22:24.838: [INFO] OnDoneLoading sync enabled: 0
2026-03-05 13:56:12.860: [INFO] OnDoneLoading sync enabled: 0
2026-03-12 11:23:45.023: [INFO] OnDoneLoading sync enabled: 0
2026-04-09 11:50:26.199: [INFO] OnDoneLoading sync enabled: 0
2026-06-18 13:23:17.570: [INFO] OnDoneLoading sync enabled: 0
2026-06-25 12:45:06.151: [INFO] OnDoneLoading sync enabled: 0
2026-06-25 12:49:29.453: [INFO] OnDoneLoading sync enabled: 0
2026-06-25 13:17:16.118: [INFO] OnDoneLoading sync enabled: 0
2026-08-20 11:37:56.518: [INFO] CurrentProfilePath: C:\Users\Aluno201.MICRO201\eclipse-workspace\.metadata\.plugins\org.eclipse.swt\EBWebView\Default
2026-08-20 11:37:56.518: [INFO] Profiles total count: 1
2026-08-20 11:37:56.518: [INFO] Profile: name=Perfil 1 path=C:\Users\Aluno201.MICRO201\eclipse-workspace\.metadata\.plugins\org.eclipse.swt\EBWebView\Default lastActive=2026-03-12T14:19:27.944Z
2026-08-20 11:37:56.518: [INFO] LastUsedProfileDir: C:\Users\Aluno201.MICRO201\eclipse-workspace\.metadata\.plugins\org.eclipse.swt\EBWebView\Default
2026-08-20 11:37:56.518: [INFO] MostRecentlyActiveProfile: name=Perfil 1 path=C:\Users\Aluno201.MICRO201\eclipse-workspace\.metadata\.plugins\org.eclipse.swt\EBWebView\Default lastActive=2026-03-12T14:19:27.944Z
2026-08-20 11:37:56.518: [INFO] OnDoneLoading sync enabled: 0
2026-08-20 11:37:56.518: [INFO] BookmarkModelLoaded, ids_reassigned: 0
2026-08-20 11:37:56.518: [INFO] BookmarksLoadDropped droppedNodes=0
2026-08-20 11:37:56.518: [INFO] BookmarksSnapshot Startup total=0 bar=0 other=0 mobile=0 showBar=0 showBarNTP=1
2026-08-20 11:40:16.083: [INFO] BookmarksSnapshot Shutdown total=0 bar=0 other=0 mobile=0 showBar=0 showBarNTP=1
2026-08-20 11:42:55.674: [INFO] CurrentProfilePath: C:\Users\Aluno201.MICRO201\eclipse-workspace\.metadata\.plugins\org.eclipse.swt\EBWebView\Default
2026-08-20 11:42:55.674: [INFO] Profiles total count: 1
2026-08-20 11:42:55.674: [INFO] Profile: name=Perfil 1 path=C:\Users\Aluno201.MICRO201\eclipse-workspace\.metadata\.plugins\org.eclipse.swt\EBWebView\Default lastActive=2026-03-12T14:19:27.944Z
2026-08-20 11:42:55.674: [INFO] LastUsedProfileDir: C:\Users\Aluno201.MICRO201\eclipse-workspace\.metadata\.plugins\org.eclipse.swt\EBWebView\Default
2026-08-20 11:42:55.674: [INFO] MostRecentlyActiveProfile: name=Perfil 1 path=C:\Users\Aluno201.MICRO201\eclipse-workspace\.metadata\.plugins\org.eclipse.swt\EBWebView\Default lastActive=2026-03-12T14:19:27.944Z
2026-08-20 11:42:55.674: [INFO] OnDoneLoading sync enabled: 0
2026-08-20 11:42:55.674: [INFO] BookmarkModelLoaded, ids_reassigned: 0
2026-08-20 11:42:55.674: [INFO] BookmarksLoadDropped droppedNodes=0
2026-08-20 11:42:55.674: [INFO] BookmarksSnapshot Startup total=0 bar=0 other=0 mobile=0 showBar=0 showBarNTP=1
2026-08-20 11:43:00.151: [INFO] BookmarksSnapshot Shutdown total=0 bar=0 other=0 mobile=0 showBar=0 showBarNTP=1
2026-08-20 11:43:00.226: [INFO] CurrentProfilePath: C:\Users\Aluno201.MICRO201\eclipse-workspace\.metadata\.plugins\org.eclipse.swt\EBWebView\Default
2026-08-20 11:43:00.226: [INFO] Profiles total count: 1
2026-08-20 11:43:00.227: [INFO] Profile: name=Perfil 1 path=C:\Users\Aluno201.MICRO201\eclipse-workspace\.metadata\.plugins\org.eclipse.swt\EBWebView\Default lastActive=2026-03-12T14:19:27.944Z
2026-08-20 11:43:00.227: [INFO] LastUsedProfileDir: C:\Users\Aluno201.MICRO201\eclipse-workspace\.metadata\.plugins\org.eclipse.swt\EBWebView\Default
2026-08-20 11:43:00.227: [INFO] MostRecentlyActiveProfile: name=Perfil 1 path=C:\Users\Aluno201.MICRO201\eclipse-workspace\.metadata\.plugins\org.eclipse.swt\EBWebView\Default lastActive=2026-03-12T14:19:27.944Z
2026-08-20 11:43:00.227: [INFO] OnDoneLoading sync enabled: 0
2026-08-20 11:43:00.227: [INFO] BookmarkModelLoaded, ids_reassigned: 0
2026-08-20 11:43:00.227: [INFO] BookmarksLoadDropped droppedNodes=0
2026-08-20 11:43:00.227: [INFO] BookmarksSnapshot Startup total=0 bar=0 other=0 mobile=0 showBar=0 showBarNTP=1
2026-08-20 11:43:05.620: [INFO] BookmarksSnapshot Shutdown total=0 bar=0 other=0 mobile=0 showBar=0 showBarNTP=1
2026-08-20 11:43:05.696: [INFO] CurrentProfilePath: C:\Users\Aluno201.MICRO201\eclipse-workspace\.metadata\.plugins\org.eclipse.swt\EBWebView\Default
2026-08-20 11:43:05.696: [INFO] Profiles total count: 1
2026-08-20 11:43:05.696: [INFO] Profile: name=Perfil 1 path=C:\Users\Aluno201.MICRO201\eclipse-workspace\.metadata\.plugins\org.eclipse.swt\EBWebView\Default lastActive=2026-03-12T14:19:27.944Z
2026-08-20 11:43:05.696: [INFO] LastUsedProfileDir: C:\Users\Aluno201.MICRO201\eclipse-workspace\.metadata\.plugins\org.eclipse.swt\EBWebView\Default
2026-08-20 11:43:05.697: [INFO] MostRecentlyActiveProfile: name=Perfil 1 path=C:\Users\Aluno201.MICRO201\eclipse-workspace\.metadata\.plugins\org.eclipse.swt\EBWebView\Default lastActive=2026-03-12T14:19:27.944Z
2026-08-20 11:43:05.697: [INFO] OnDoneLoading sync enabled: 0
2026-08-20 11:43:05.697: [INFO] BookmarkModelLoaded, ids_reassigned: 0
2026-08-20 11:43:05.697: [INFO] BookmarksLoadDropped droppedNodes=0
2026-08-20 11:43:05.697: [INFO] BookmarksSnapshot Startup total=0 bar=0 other=0 mobile=0 showBar=0 showBarNTP=1
2026-08-20 11:43:20.351: [INFO] BookmarksSnapshot Shutdown total=0 bar=0 other=0 mobile=0 showBar=0 showBarNTP=1
2026-08-20 11:43:20.424: [INFO] CurrentProfilePath: C:\Users\Aluno201.MICRO201\eclipse-workspace\.metadata\.plugins\org.eclipse.swt\EBWebView\Default
2026-08-20 11:43:20.424: [INFO] Profiles total count: 1
2026-08-20 11:43:20.424: [INFO] Profile: name=Perfil 1 path=C:\Users\Aluno201.MICRO201\eclipse-workspace\.metadata\.plugins\org.eclipse.swt\EBWebView\Default lastActive=2026-03-12T14:19:27.944Z
2026-08-20 11:43:20.424: [INFO] LastUsedProfileDir: C:\Users\Aluno201.MICRO201\eclipse-workspace\.metadata\.plugins\org.eclipse.swt\EBWebView\Default
2026-08-20 11:43:20.424: [INFO] MostRecentlyActiveProfile: name=Perfil 1 path=C:\Users\Aluno201.MICRO201\eclipse-workspace\.metadata\.plugins\org.eclipse.swt\EBWebView\Default lastActive=2026-03-12T14:19:27.944Z
2026-08-20 11:43:20.424: [INFO] OnDoneLoading sync enabled: 0
2026-08-20 11:43:20.424: [INFO] BookmarkModelLoaded, ids_reassigned: 0
2026-08-20 11:43:20.424: [INFO] BookmarksLoadDropped droppedNodes=0
2026-08-20 11:43:20.424: [INFO] BookmarksSnapshot Startup total=0 bar=0 other=0 mobile=0 showBar=0 showBarNTP=1
2026-08-20 11:43:36.119: [INFO] BookmarksSnapshot Shutdown total=0 bar=0 other=0 mobile=0 showBar=0 showBarNTP=1
2026-08-20 11:43:36.198: [INFO] CurrentProfilePath: C:\Users\Aluno201.MICRO201\eclipse-workspace\.metadata\.plugins\org.eclipse.swt\EBWebView\Default
2026-08-20 11:43:36.198: [INFO] Profiles total count: 1
2026-08-20 11:43:36.198: [INFO] Profile: name=Perfil 1 path=C:\Users\Aluno201.MICRO201\eclipse-workspace\.metadata\.plugins\org.eclipse.swt\EBWebView\Default lastActive=2026-03-12T14:19:27.944Z
2026-08-20 11:43:36.198: [INFO] LastUsedProfileDir: C:\Users\Aluno201.MICRO201\eclipse-workspace\.metadata\.plugins\org.eclipse.swt\EBWebView\Default
2026-08-20 11:43:36.198: [INFO] MostRecentlyActiveProfile: name=Perfil 1 path=C:\Users\Aluno201.MICRO201\eclipse-workspace\.metadata\.plugins\org.eclipse.swt\EBWebView\Default lastActive=2026-03-12T14:19:27.944Z
2026-08-20 11:43:36.198: [INFO] OnDoneLoading sync enabled: 0
2026-08-20 11:43:36.198: [INFO] BookmarkModelLoaded, ids_reassigned: 0
2026-08-20 11:43:36.198: [INFO] BookmarksLoadDropped droppedNodes=0
2026-08-20 11:43:36.198: [INFO] BookmarksSnapshot Startup total=0 bar=0 other=0 mobile=0 showBar=0 showBarNTP=1
2026-08-20 11:43:39.547: [INFO] BookmarksSnapshot Shutdown total=0 bar=0 other=0 mobile=0 showBar=0 showBarNTP=1
2026-08-20 11:43:39.626: [INFO] CurrentProfilePath: C:\Users\Aluno201.MICRO201\eclipse-workspace\.metadata\.plugins\org.eclipse.swt\EBWebView\Default
2026-08-20 11:43:39.626: [INFO] Profiles total count: 1
2026-08-20 11:43:39.627: [INFO] Profile: name=Perfil 1 path=C:\Users\Aluno201.MICRO201\eclipse-workspace\.metadata\.plugins\org.eclipse.swt\EBWebView\Default lastActive=2026-03-12T14:19:27.944Z
2026-08-20 11:43:39.627: [INFO] LastUsedProfileDir: C:\Users\Aluno201.MICRO201\eclipse-workspace\.metadata\.plugins\org.eclipse.swt\EBWebView\Default
2026-08-20 11:43:39.627: [INFO] MostRecentlyActiveProfile: name=Perfil 1 path=C:\Users\Aluno201.MICRO201\eclipse-workspace\.metadata\.plugins\org.eclipse.swt\EBWebView\Default lastActive=2026-03-12T14:19:27.944Z
2026-08-20 11:43:39.627: [INFO] OnDoneLoading sync enabled: 0
2026-08-20 11:43:39.627: [INFO] BookmarkModelLoaded, ids_reassigned: 0
2026-08-20 11:43:39.627: [INFO] BookmarksLoadDropped droppedNodes=0
2026-08-20 11:43:39.627: [INFO] BookmarksSnapshot Startup total=0 bar=0 other=0 mobile=0 showBar=0 showBarNTP=1
2026-08-20 12:52:52.470: [INFO] BookmarksSnapshot Shutdown total=0 bar=0 other=0 mobile=0 showBar=0 showBarNTP=1
2026-08-20 12:53:14.467: [INFO] CurrentProfilePath: C:\Users\Aluno201.MICRO201\eclipse-workspace\.metadata\.plugins\org.eclipse.swt\EBWebView\Default
2026-08-20 12:53:14.467: [INFO] Profiles total count: 1
2026-08-20 12:53:14.467: [INFO] Profile: name=Perfil 1 path=C:\Users\Aluno201.MICRO201\eclipse-workspace\.metadata\.plugins\org.eclipse.swt\EBWebView\Default lastActive=2026-03-12T14:19:27.944Z
2026-08-20 12:53:14.467: [INFO] LastUsedProfileDir: C:\Users\Aluno201.MICRO201\eclipse-workspace\.metadata\.plugins\org.eclipse.swt\EBWebView\Default
2026-08-20 12:53:14.467: [INFO] MostRecentlyActiveProfile: name=Perfil 1 path=C:\Users\Aluno201.MICRO201\eclipse-workspace\.metadata\.plugins\org.eclipse.swt\EBWebView\Default lastActive=2026-03-12T14:19:27.944Z
2026-08-20 12:53:14.467: [INFO] OnDoneLoading sync enabled: 0
2026-08-20 12:53:14.467: [INFO] BookmarkModelLoaded, ids_reassigned: 0
2026-08-20 12:53:14.467: [INFO] BookmarksLoadDropped droppedNodes=0
2026-08-20 12:53:14.467: [INFO] BookmarksSnapshot Startup total=0 bar=0 other=0 mobile=0 showBar=0 showBarNTP=1
2026-08-20 14:51:24.834: [INFO] BookmarksSnapshot Shutdown total=0 bar=0 other=0 mobile=0 showBar=0 showBarNTP=1
